// Jest Snapshot v1, https://goo.gl/fbAQLP

exports[`tests on pages/Header.vue renders correctly with one task in store 1`] = `
<header
  class="header"
>
  
  <input
    class="toggle-all"
    type="checkbox"
  />
  <label
    for="toggle-all"
  >
     Mark all as complete 
  </label>
  
  <input
    autofocus=""
    class="new-todo"
    placeholder="What needs to be done?"
  />
</header>
`;
